{
  "version": "1.5.0",
  "plugins_used": [
    {
      "name": "ArtifactoryDetector"
    },
    {
      "name": "AWSKeyDetector"
    },
    {
      "name": "AzureStorageKeyDetector"
    },
    {
      "name": "Base64HighEntropyString",
      "limit": 4.5
    },
    {
      "name": "BasicAuthDetector"
    },
    {
      "name": "CloudantDetector"
    },
    {
      "name": "DiscordBotTokenDetector"
    },
    {
      "name": "GitHubTokenDetector"
    },
    {
      "name": "GitLabTokenDetector"
    },
    {
      "name": "HexHighEntropyString",
      "limit": 3.0
    },
    {
      "name": "IbmCloudIamDetector"
    },
    {
      "name": "IbmCosHmacDetector"
    },
    {
      "name": "IPPublicDetector"
    },
    {
      "name": "JwtTokenDetector"
    },
    {
      "name": "KeywordDetector",
      "keyword_exclude": ""
    },
    {
      "name": "MailchimpDetector"
    },
    {
      "name": "NpmDetector"
    },
    {
      "name": "OpenAIDetector"
    },
    {
      "name": "PrivateKeyDetector"
    },
    {
      "name": "PypiTokenDetector"
    },
    {
      "name": "SendGridDetector"
    },
    {
      "name": "SlackDetector"
    },
    {
      "name": "SoftlayerDetector"
    },
    {
      "name": "SquareOAuthDetector"
    },
    {
      "name": "StripeDetector"
    },
    {
      "name": "TelegramBotTokenDetector"
    },
    {
      "name": "TwilioKeyDetector"
    }
  ],
  "filters_used": [
    {
      "path": "detect_secrets.filters.allowlist.is_line_allowlisted"
    },
    {
      "path": "detect_secrets.filters.common.is_ignored_due_to_verification_policies",
      "min_level": 2
    },
    {
      "path": "detect_secrets.filters.heuristic.is_indirect_reference"
    },
    {
      "path": "detect_secrets.filters.heuristic.is_likely_id_string"
    },
    {
      "path": "detect_secrets.filters.heuristic.is_lock_file"
    },
    {
      "path": "detect_secrets.filters.heuristic.is_not_alphanumeric_string"
    },
    {
      "path": "detect_secrets.filters.heuristic.is_potential_uuid"
    },
    {
      "path": "detect_secrets.filters.heuristic.is_prefixed_with_dollar_sign"
    },
    {
      "path": "detect_secrets.filters.heuristic.is_sequential_string"
    },
    {
      "path": "detect_secrets.filters.heuristic.is_swagger_file"
    },
    {
      "path": "detect_secrets.filters.heuristic.is_templated_secret"
    }
  ],
  "results": {
    ".env.example": [
      {
        "type": "Basic Auth Credentials",
        "filename": ".env.example",
        "hashed_secret": "794331559d5a8443918446c5130b041cd02b319a",
        "is_verified": false,
        "line_number": 4
      }
    ],
    "alembic.ini": [
      {
        "type": "Basic Auth Credentials",
        "filename": "alembic.ini",
        "hashed_secret": "794331559d5a8443918446c5130b041cd02b319a",
        "is_verified": false,
        "line_number": 3
      }
    ],
    "docker-compose.yml": [
      {
        "type": "Secret Keyword",
        "filename": "docker-compose.yml",
        "hashed_secret": "794331559d5a8443918446c5130b041cd02b319a",
        "is_verified": false,
        "line_number": 18
      }
    ],
    "docs/deploy.md": [
      {
        "type": "Secret Keyword",
        "filename": "docs/deploy.md",
        "hashed_secret": "794331559d5a8443918446c5130b041cd02b319a",
        "is_verified": false,
        "line_number": 19
      }
    ],
    "mohizarbot/config.py": [
      {
        "type": "Basic Auth Credentials",
        "filename": "mohizarbot/config.py",
        "hashed_secret": "794331559d5a8443918446c5130b041cd02b319a",
        "is_verified": false,
        "line_number": 17
      }
    ],
    "tests/bot/test_private_multimodal.py": [
      {
        "type": "Secret Keyword",
        "filename": "tests/bot/test_private_multimodal.py",
        "hashed_secret": "a94a8fe5ccb19ba61c4c0873d391e987982fbbd3",
        "is_verified": false,
        "line_number": 162
      }
    ],
    "tests/bot/test_webhook.py": [
      {
        "type": "Secret Keyword",
        "filename": "tests/bot/test_webhook.py",
        "hashed_secret": "46c8208c02223808e6de843e86f1c969223950f7",
        "is_verified": false,
        "line_number": 30
      }
    ],
    "tests/conftest.py": [
      {
        "type": "Secret Keyword",
        "filename": "tests/conftest.py",
        "hashed_secret": "25e78430a1ec83f4f00a1db68e138cb70f6bc2be",
        "is_verified": false,
        "line_number": 22
      },
      {
        "type": "Basic Auth Credentials",
        "filename": "tests/conftest.py",
        "hashed_secret": "9d4e1e23bd5b727046a9e3b4b7db57bd8d6ee684",
        "is_verified": false,
        "line_number": 24
      }
    ],
    "tests/llm/test_anthropic.py": [
      {
        "type": "Secret Keyword",
        "filename": "tests/llm/test_anthropic.py",
        "hashed_secret": "3acfb2c2b433c0ea7ff107e33df91b18e52f960f",
        "is_verified": false,
        "line_number": 13
      }
    ],
    "tests/llm/test_deepseek.py": [
      {
        "type": "Secret Keyword",
        "filename": "tests/llm/test_deepseek.py",
        "hashed_secret": "3acfb2c2b433c0ea7ff107e33df91b18e52f960f",
        "is_verified": false,
        "line_number": 13
      }
    ],
    "tests/llm/test_openai.py": [
      {
        "type": "Secret Keyword",
        "filename": "tests/llm/test_openai.py",
        "hashed_secret": "3acfb2c2b433c0ea7ff107e33df91b18e52f960f",
        "is_verified": false,
        "line_number": 15
      }
    ],
    "tests/multimodal/test_voice.py": [
      {
        "type": "Secret Keyword",
        "filename": "tests/multimodal/test_voice.py",
        "hashed_secret": "307a3fc9b461db054c1a2401680da6664c2b1421",
        "is_verified": false,
        "line_number": 17
      }
    ],
    "tests/security/corpus/document_injection.yaml": [
      {
        "type": "Base64 High Entropy String",
        "filename": "tests/security/corpus/document_injection.yaml",
        "hashed_secret": "b572562dd3cbbb348ffa6cfcbf4b51fb347144ff",
        "is_verified": false,
        "line_number": 133
      }
    ],
    "tests/security/corpus/output_exfiltration.yaml": [
      {
        "type": "Basic Auth Credentials",
        "filename": "tests/security/corpus/output_exfiltration.yaml",
        "hashed_secret": "e5e9fa1ba31ecd1ae84f75caaa474f3a663f05f4",
        "is_verified": false,
        "line_number": 49
      },
      {
        "type": "Basic Auth Credentials",
        "filename": "tests/security/corpus/output_exfiltration.yaml",
        "hashed_secret": "794331559d5a8443918446c5130b041cd02b319a",
        "is_verified": false,
        "line_number": 130
      }
    ],
    "tests/security/test_output_filter.py": [
      {
        "type": "Base64 High Entropy String",
        "filename": "tests/security/test_output_filter.py",
        "hashed_secret": "19aa862998cae30ba9ba448687b6cb8d867b9e42",
        "is_verified": false,
        "line_number": 25
      }
    ],
    "tests/security/test_redteam_corpus.py": [
      {
        "type": "Base64 High Entropy String",
        "filename": "tests/security/test_redteam_corpus.py",
        "hashed_secret": "7a79d836fc4ba106f165dd0212b9ba0f098d0a81",
        "is_verified": false,
        "line_number": 28
      }
    ],
    "tests/test_config.py": [
      {
        "type": "Secret Keyword",
        "filename": "tests/test_config.py",
        "hashed_secret": "25e78430a1ec83f4f00a1db68e138cb70f6bc2be",
        "is_verified": false,
        "line_number": 16
      },
      {
        "type": "Secret Keyword",
        "filename": "tests/test_config.py",
        "hashed_secret": "8c8d0a4c15a0c97557da34023f3a1bf33b9f2edb",
        "is_verified": false,
        "line_number": 24
      }
    ]
  },
  "generated_at": "2026-05-21T10:33:57Z"
}
